  Determining projects to restore...
  All projects are up-to-date for restore.
  Sparkle.Domain -> C:\Users\User\Desktop\Sparkle Ecommerce\Sparkle.Domain\bin_safe\Debug\net8.0\Sparkle.Domain.dll
  Sparkle.Infrastructure -> C:\Users\User\Desktop\Sparkle Ecommerce\Sparkle.Infrastructure\bin_safe\Debug\net8.0\Sparkle.Infrastructure.dll
C:\Program Files\dotnet\sdk\9.0.311\Microsoft.Common.CurrentVersion.targets(5394,5): warning MSB3026: Could not copy "C:\Users\User\Desktop\Sparkle Ecommerce\Sparkle.Api\obj_safe\Debug\net8.0\apphost.exe" to "C:\Users\User\Desktop\Sparkle Ecommerce\Sparkle.Api\bin_safe\Debug\net8.0\Sparkle.Api.exe". Beginning retry 1 in 1000ms. The process cannot access the file 'C:\Users\User\Desktop\Sparkle Ecommerce\Sparkle.Api\bin_safe\Debug\net8.0\Sparkle.Api.exe' because it is being used by another process. The file is locked by: "Sparkle.Api (12872)" [C:\Users\User\Desktop\Sparkle Ecommerce\Sparkle.Api\Sparkle.Api.csproj]
C:\Program Files\dotnet\sdk\9.0.311\Microsoft.Common.CurrentVersion.targets(5394,5): warning MSB3026: Could not copy "C:\Users\User\Desktop\Sparkle Ecommerce\Sparkle.Api\obj_safe\Debug\net8.0\apphost.exe" to "C:\Users\User\Desktop\Sparkle Ecommerce\Sparkle.Api\bin_safe\Debug\net8.0\Sparkle.Api.exe". Beginning retry 2 in 1000ms. The process cannot access the file 'C:\Users\User\Desktop\Sparkle Ecommerce\Sparkle.Api\bin_safe\Debug\net8.0\Sparkle.Api.exe' because it is being used by another process. The file is locked by: "Sparkle.Api (12872)" [C:\Users\User\Desktop\Sparkle Ecommerce\Sparkle.Api\Sparkle.Api.csproj]
C:\Program Files\dotnet\sdk\9.0.311\Microsoft.Common.CurrentVersion.targets(5394,5): warning MSB3026: Could not copy "C:\Users\User\Desktop\Sparkle Ecommerce\Sparkle.Api\obj_safe\Debug\net8.0\apphost.exe" to "C:\Users\User\Desktop\Sparkle Ecommerce\Sparkle.Api\bin_safe\Debug\net8.0\Sparkle.Api.exe". Beginning retry 3 in 1000ms. The process cannot access the file 'C:\Users\User\Desktop\Sparkle Ecommerce\Sparkle.Api\bin_safe\Debug\net8.0\Sparkle.Api.exe' because it is being used by another process. The file is locked by: "Sparkle.Api (12872)" [C:\Users\User\Desktop\Sparkle Ecommerce\Sparkle.Api\Sparkle.Api.csproj]
C:\Program Files\dotnet\sdk\9.0.311\Microsoft.Common.CurrentVersion.targets(5394,5): warning MSB3026: Could not copy "C:\Users\User\Desktop\Sparkle Ecommerce\Sparkle.Api\obj_safe\Debug\net8.0\apphost.exe" to "C:\Users\User\Desktop\Sparkle Ecommerce\Sparkle.Api\bin_safe\Debug\net8.0\Sparkle.Api.exe". Beginning retry 4 in 1000ms. The process cannot access the file 'C:\Users\User\Desktop\Sparkle Ecommerce\Sparkle.Api\bin_safe\Debug\net8.0\Sparkle.Api.exe' because it is being used by another process. The file is locked by: "Sparkle.Api (12872)" [C:\Users\User\Desktop\Sparkle Ecommerce\Sparkle.Api\Sparkle.Api.csproj]
C:\Program Files\dotnet\sdk\9.0.311\Microsoft.Common.CurrentVersion.targets(5394,5): warning MSB3026: Could not copy "C:\Users\User\Desktop\Sparkle Ecommerce\Sparkle.Api\obj_safe\Debug\net8.0\apphost.exe" to "C:\Users\User\Desktop\Sparkle Ecommerce\Sparkle.Api\bin_safe\Debug\net8.0\Sparkle.Api.exe". Beginning retry 5 in 1000ms. The process cannot access the file 'C:\Users\User\Desktop\Sparkle Ecommerce\Sparkle.Api\bin_safe\Debug\net8.0\Sparkle.Api.exe' because it is being used by another process. The file is locked by: "Sparkle.Api (12872)" [C:\Users\User\Desktop\Sparkle Ecommerce\Sparkle.Api\Sparkle.Api.csproj]
C:\Program Files\dotnet\sdk\9.0.311\Microsoft.Common.CurrentVersion.targets(5394,5): warning MSB3026: Could not copy "C:\Users\User\Desktop\Sparkle Ecommerce\Sparkle.Api\obj_safe\Debug\net8.0\apphost.exe" to "C:\Users\User\Desktop\Sparkle Ecommerce\Sparkle.Api\bin_safe\Debug\net8.0\Sparkle.Api.exe". Beginning retry 6 in 1000ms. The process cannot access the file 'C:\Users\User\Desktop\Sparkle Ecommerce\Sparkle.Api\bin_safe\Debug\net8.0\Sparkle.Api.exe' because it is being used by another process. The file is locked by: "Sparkle.Api (12872)" [C:\Users\User\Desktop\Sparkle Ecommerce\Sparkle.Api\Sparkle.Api.csproj]
C:\Program Files\dotnet\sdk\9.0.311\Microsoft.Common.CurrentVersion.targets(5394,5): warning MSB3026: Could not copy "C:\Users\User\Desktop\Sparkle Ecommerce\Sparkle.Api\obj_safe\Debug\net8.0\apphost.exe" to "C:\Users\User\Desktop\Sparkle Ecommerce\Sparkle.Api\bin_safe\Debug\net8.0\Sparkle.Api.exe". Beginning retry 7 in 1000ms. The process cannot access the file 'C:\Users\User\Desktop\Sparkle Ecommerce\Sparkle.Api\bin_safe\Debug\net8.0\Sparkle.Api.exe' because it is being used by another process. The file is locked by: "Sparkle.Api (12872)" [C:\Users\User\Desktop\Sparkle Ecommerce\Sparkle.Api\Sparkle.Api.csproj]
C:\Program Files\dotnet\sdk\9.0.311\Microsoft.Common.CurrentVersion.targets(5394,5): warning MSB3026: Could not copy "C:\Users\User\Desktop\Sparkle Ecommerce\Sparkle.Api\obj_safe\Debug\net8.0\apphost.exe" to "C:\Users\User\Desktop\Sparkle Ecommerce\Sparkle.Api\bin_safe\Debug\net8.0\Sparkle.Api.exe". Beginning retry 8 in 1000ms. The process cannot access the file 'C:\Users\User\Desktop\Sparkle Ecommerce\Sparkle.Api\bin_safe\Debug\net8.0\Sparkle.Api.exe' because it is being used by another process. The file is locked by: "Sparkle.Api (12872)" [C:\Users\User\Desktop\Sparkle Ecommerce\Sparkle.Api\Sparkle.Api.csproj]
C:\Program Files\dotnet\sdk\9.0.311\Microsoft.Common.CurrentVersion.targets(5394,5): warning MSB3026: Could not copy "C:\Users\User\Desktop\Sparkle Ecommerce\Sparkle.Api\obj_safe\Debug\net8.0\apphost.exe" to "C:\Users\User\Desktop\Sparkle Ecommerce\Sparkle.Api\bin_safe\Debug\net8.0\Sparkle.Api.exe". Beginning retry 9 in 1000ms. The process cannot access the file 'C:\Users\User\Desktop\Sparkle Ecommerce\Sparkle.Api\bin_safe\Debug\net8.0\Sparkle.Api.exe' because it is being used by another process. The file is locked by: "Sparkle.Api (12872)" [C:\Users\User\Desktop\Sparkle Ecommerce\Sparkle.Api\Sparkle.Api.csproj]
C:\Program Files\dotnet\sdk\9.0.311\Microsoft.Common.CurrentVersion.targets(5394,5): warning MSB3026: Could not copy "C:\Users\User\Desktop\Sparkle Ecommerce\Sparkle.Api\obj_safe\Debug\net8.0\apphost.exe" to "C:\Users\User\Desktop\Sparkle Ecommerce\Sparkle.Api\bin_safe\Debug\net8.0\Sparkle.Api.exe". Beginning retry 10 in 1000ms. The process cannot access the file 'C:\Users\User\Desktop\Sparkle Ecommerce\Sparkle.Api\bin_safe\Debug\net8.0\Sparkle.Api.exe' because it is being used by another process. The file is locked by: "Sparkle.Api (12872)" [C:\Users\User\Desktop\Sparkle Ecommerce\Sparkle.Api\Sparkle.Api.csproj]
C:\Program Files\dotnet\sdk\9.0.311\Microsoft.Common.CurrentVersion.targets(5394,5): error MSB3027: Could not copy "C:\Users\User\Desktop\Sparkle Ecommerce\Sparkle.Api\obj_safe\Debug\net8.0\apphost.exe" to "C:\Users\User\Desktop\Sparkle Ecommerce\Sparkle.Api\bin_safe\Debug\net8.0\Sparkle.Api.exe". Exceeded retry count of 10. Failed. The file is locked by: "Sparkle.Api (12872)" [C:\Users\User\Desktop\Sparkle Ecommerce\Sparkle.Api\Sparkle.Api.csproj]
C:\Program Files\dotnet\sdk\9.0.311\Microsoft.Common.CurrentVersion.targets(5394,5): error MSB3021: Unable to copy file "C:\Users\User\Desktop\Sparkle Ecommerce\Sparkle.Api\obj_safe\Debug\net8.0\apphost.exe" to "C:\Users\User\Desktop\Sparkle Ecommerce\Sparkle.Api\bin_safe\Debug\net8.0\Sparkle.Api.exe". The process cannot access the file 'C:\Users\User\Desktop\Sparkle Ecommerce\Sparkle.Api\bin_safe\Debug\net8.0\Sparkle.Api.exe' because it is being used by another process. [C:\Users\User\Desktop\Sparkle Ecommerce\Sparkle.Api\Sparkle.Api.csproj]

Build FAILED.

C:\Program Files\dotnet\sdk\9.0.311\Microsoft.Common.CurrentVersion.targets(5394,5): warning MSB3026: Could not copy "C:\Users\User\Desktop\Sparkle Ecommerce\Sparkle.Api\obj_safe\Debug\net8.0\apphost.exe" to "C:\Users\User\Desktop\Sparkle Ecommerce\Sparkle.Api\bin_safe\Debug\net8.0\Sparkle.Api.exe". Beginning retry 1 in 1000ms. The process cannot access the file 'C:\Users\User\Desktop\Sparkle Ecommerce\Sparkle.Api\bin_safe\Debug\net8.0\Sparkle.Api.exe' because it is being used by another process. The file is locked by: "Sparkle.Api (12872)" [C:\Users\User\Desktop\Sparkle Ecommerce\Sparkle.Api\Sparkle.Api.csproj]
C:\Program Files\dotnet\sdk\9.0.311\Microsoft.Common.CurrentVersion.targets(5394,5): warning MSB3026: Could not copy "C:\Users\User\Desktop\Sparkle Ecommerce\Sparkle.Api\obj_safe\Debug\net8.0\apphost.exe" to "C:\Users\User\Desktop\Sparkle Ecommerce\Sparkle.Api\bin_safe\Debug\net8.0\Sparkle.Api.exe". Beginning retry 2 in 1000ms. The process cannot access the file 'C:\Users\User\Desktop\Sparkle Ecommerce\Sparkle.Api\bin_safe\Debug\net8.0\Sparkle.Api.exe' because it is being used by another process. The file is locked by: "Sparkle.Api (12872)" [C:\Users\User\Desktop\Sparkle Ecommerce\Sparkle.Api\Sparkle.Api.csproj]
C:\Program Files\dotnet\sdk\9.0.311\Microsoft.Common.CurrentVersion.targets(5394,5): warning MSB3026: Could not copy "C:\Users\User\Desktop\Sparkle Ecommerce\Sparkle.Api\obj_safe\Debug\net8.0\apphost.exe" to "C:\Users\User\Desktop\Sparkle Ecommerce\Sparkle.Api\bin_safe\Debug\net8.0\Sparkle.Api.exe". Beginning retry 3 in 1000ms. The process cannot access the file 'C:\Users\User\Desktop\Sparkle Ecommerce\Sparkle.Api\bin_safe\Debug\net8.0\Sparkle.Api.exe' because it is being used by another process. The file is locked by: "Sparkle.Api (12872)" [C:\Users\User\Desktop\Sparkle Ecommerce\Sparkle.Api\Sparkle.Api.csproj]
C:\Program Files\dotnet\sdk\9.0.311\Microsoft.Common.CurrentVersion.targets(5394,5): warning MSB3026: Could not copy "C:\Users\User\Desktop\Sparkle Ecommerce\Sparkle.Api\obj_safe\Debug\net8.0\apphost.exe" to "C:\Users\User\Desktop\Sparkle Ecommerce\Sparkle.Api\bin_safe\Debug\net8.0\Sparkle.Api.exe". Beginning retry 4 in 1000ms. The process cannot access the file 'C:\Users\User\Desktop\Sparkle Ecommerce\Sparkle.Api\bin_safe\Debug\net8.0\Sparkle.Api.exe' because it is being used by another process. The file is locked by: "Sparkle.Api (12872)" [C:\Users\User\Desktop\Sparkle Ecommerce\Sparkle.Api\Sparkle.Api.csproj]
C:\Program Files\dotnet\sdk\9.0.311\Microsoft.Common.CurrentVersion.targets(5394,5): warning MSB3026: Could not copy "C:\Users\User\Desktop\Sparkle Ecommerce\Sparkle.Api\obj_safe\Debug\net8.0\apphost.exe" to "C:\Users\User\Desktop\Sparkle Ecommerce\Sparkle.Api\bin_safe\Debug\net8.0\Sparkle.Api.exe". Beginning retry 5 in 1000ms. The process cannot access the file 'C:\Users\User\Desktop\Sparkle Ecommerce\Sparkle.Api\bin_safe\Debug\net8.0\Sparkle.Api.exe' because it is being used by another process. The file is locked by: "Sparkle.Api (12872)" [C:\Users\User\Desktop\Sparkle Ecommerce\Sparkle.Api\Sparkle.Api.csproj]
C:\Program Files\dotnet\sdk\9.0.311\Microsoft.Common.CurrentVersion.targets(5394,5): warning MSB3026: Could not copy "C:\Users\User\Desktop\Sparkle Ecommerce\Sparkle.Api\obj_safe\Debug\net8.0\apphost.exe" to "C:\Users\User\Desktop\Sparkle Ecommerce\Sparkle.Api\bin_safe\Debug\net8.0\Sparkle.Api.exe". Beginning retry 6 in 1000ms. The process cannot access the file 'C:\Users\User\Desktop\Sparkle Ecommerce\Sparkle.Api\bin_safe\Debug\net8.0\Sparkle.Api.exe' because it is being used by another process. The file is locked by: "Sparkle.Api (12872)" [C:\Users\User\Desktop\Sparkle Ecommerce\Sparkle.Api\Sparkle.Api.csproj]
C:\Program Files\dotnet\sdk\9.0.311\Microsoft.Common.CurrentVersion.targets(5394,5): warning MSB3026: Could not copy "C:\Users\User\Desktop\Sparkle Ecommerce\Sparkle.Api\obj_safe\Debug\net8.0\apphost.exe" to "C:\Users\User\Desktop\Sparkle Ecommerce\Sparkle.Api\bin_safe\Debug\net8.0\Sparkle.Api.exe". Beginning retry 7 in 1000ms. The process cannot access the file 'C:\Users\User\Desktop\Sparkle Ecommerce\Sparkle.Api\bin_safe\Debug\net8.0\Sparkle.Api.exe' because it is being used by another process. The file is locked by: "Sparkle.Api (12872)" [C:\Users\User\Desktop\Sparkle Ecommerce\Sparkle.Api\Sparkle.Api.csproj]
C:\Program Files\dotnet\sdk\9.0.311\Microsoft.Common.CurrentVersion.targets(5394,5): warning MSB3026: Could not copy "C:\Users\User\Desktop\Sparkle Ecommerce\Sparkle.Api\obj_safe\Debug\net8.0\apphost.exe" to "C:\Users\User\Desktop\Sparkle Ecommerce\Sparkle.Api\bin_safe\Debug\net8.0\Sparkle.Api.exe". Beginning retry 8 in 1000ms. The process cannot access the file 'C:\Users\User\Desktop\Sparkle Ecommerce\Sparkle.Api\bin_safe\Debug\net8.0\Sparkle.Api.exe' because it is being used by another process. The file is locked by: "Sparkle.Api (12872)" [C:\Users\User\Desktop\Sparkle Ecommerce\Sparkle.Api\Sparkle.Api.csproj]
C:\Program Files\dotnet\sdk\9.0.311\Microsoft.Common.CurrentVersion.targets(5394,5): warning MSB3026: Could not copy "C:\Users\User\Desktop\Sparkle Ecommerce\Sparkle.Api\obj_safe\Debug\net8.0\apphost.exe" to "C:\Users\User\Desktop\Sparkle Ecommerce\Sparkle.Api\bin_safe\Debug\net8.0\Sparkle.Api.exe". Beginning retry 9 in 1000ms. The process cannot access the file 'C:\Users\User\Desktop\Sparkle Ecommerce\Sparkle.Api\bin_safe\Debug\net8.0\Sparkle.Api.exe' because it is being used by another process. The file is locked by: "Sparkle.Api (12872)" [C:\Users\User\Desktop\Sparkle Ecommerce\Sparkle.Api\Sparkle.Api.csproj]
C:\Program Files\dotnet\sdk\9.0.311\Microsoft.Common.CurrentVersion.targets(5394,5): warning MSB3026: Could not copy "C:\Users\User\Desktop\Sparkle Ecommerce\Sparkle.Api\obj_safe\Debug\net8.0\apphost.exe" to "C:\Users\User\Desktop\Sparkle Ecommerce\Sparkle.Api\bin_safe\Debug\net8.0\Sparkle.Api.exe". Beginning retry 10 in 1000ms. The process cannot access the file 'C:\Users\User\Desktop\Sparkle Ecommerce\Sparkle.Api\bin_safe\Debug\net8.0\Sparkle.Api.exe' because it is being used by another process. The file is locked by: "Sparkle.Api (12872)" [C:\Users\User\Desktop\Sparkle Ecommerce\Sparkle.Api\Sparkle.Api.csproj]
C:\Program Files\dotnet\sdk\9.0.311\Microsoft.Common.CurrentVersion.targets(5394,5): error MSB3027: Could not copy "C:\Users\User\Desktop\Sparkle Ecommerce\Sparkle.Api\obj_safe\Debug\net8.0\apphost.exe" to "C:\Users\User\Desktop\Sparkle Ecommerce\Sparkle.Api\bin_safe\Debug\net8.0\Sparkle.Api.exe". Exceeded retry count of 10. Failed. The file is locked by: "Sparkle.Api (12872)" [C:\Users\User\Desktop\Sparkle Ecommerce\Sparkle.Api\Sparkle.Api.csproj]
C:\Program Files\dotnet\sdk\9.0.311\Microsoft.Common.CurrentVersion.targets(5394,5): error MSB3021: Unable to copy file "C:\Users\User\Desktop\Sparkle Ecommerce\Sparkle.Api\obj_safe\Debug\net8.0\apphost.exe" to "C:\Users\User\Desktop\Sparkle Ecommerce\Sparkle.Api\bin_safe\Debug\net8.0\Sparkle.Api.exe". The process cannot access the file 'C:\Users\User\Desktop\Sparkle Ecommerce\Sparkle.Api\bin_safe\Debug\net8.0\Sparkle.Api.exe' because it is being used by another process. [C:\Users\User\Desktop\Sparkle Ecommerce\Sparkle.Api\Sparkle.Api.csproj]
    10 Warning(s)
    2 Error(s)

Time Elapsed 00:00:14.59

Workload updates are available. Run `dotnet workload list` for more information.
